[proteksistem.com/tr.html]
[backblue.gif]
[fade.gif]
[index.html]
[cdnjs.cloudflare.com/ajax/libs/flag-icon-css/3.2.1/css/flag-icon.min.css]
[proteksistem.com/en.html]
[proteksistem.com/img/kurumsal.jpg]
[proteksistem.com/img/services/erp.jpg]
[proteksistem.com/img/services/crm.jpg]
[proteksistem.com/img/services/efatura_small.jpg]
[proteksistem.com/img/3.jpg]
[proteksistem.com/img/slide6.jpg]
[proteksistem.com/js/jquery.min.js]
[proteksistem.com/js/bootstrap.min.js]
[proteksistem.com/js/jquery.easing.min.js]
[proteksistem.com/js/jquery.scrollTo.js]
[proteksistem.com/js/wow.min.js]
[proteksistem.com/js/custom.js]
[proteksistem.com/tr.html]
[proteksistem.com/fonts/glyphicons-halflings-regular.eot]
[proteksistem.com/fonts/glyphicons-halflings-regulard41d.eot]
[proteksistem.com/fonts/glyphicons-halflings-regular.woff]
[proteksistem.com/fonts/glyphicons-halflings-regular.ttf]
[proteksistem.com/css/bootstrap.min.css]
[proteksistem.com/font-awesome/fonts/fontawesome-webfontba72.eot]
[proteksistem.com/font-awesome/fonts/fontawesome-webfontd41d.eot]
[proteksistem.com/font-awesome/fonts/fontawesome-webfontba72.woff]
[proteksistem.com/font-awesome/fonts/fontawesome-webfontba72.ttf]
[proteksistem.com/font-awesome/css/font-awesome.min.css]
[proteksistem.com/css/animate.css]
[proteksistem.com/img/2.jpg]
[proteksistem.com/css/style.css]
[proteksistem.com/img/testimonials/cover/mob.jpg]
[cdnjs.cloudflare.com/ajax/libs/flag-icon-css/3.2.1/css/flag-icon.min.css]
[proteksistem.com/en.html]
[proteksistem.com/fonts/glyphicons-halflings-regular.svg]
[proteksistem.com/font-awesome/fonts/fontawesome-webfontba72.svg]
